// Jest Snapshot v1, https://goo.gl/fbAQLP

exports[`snapshot test test reducer correct state after USER_LOGIN 1`] = `
Object {
  "asFragment": [Function],
  "baseElement": <body>
    <div>
      <div
        class="app__wrap"
      >
        <header
          class="header"
        >
          <img
            alt="logo"
            class="header__img"
            src="logo.png"
          />
          <h2>
            –°–æ—Ü–∏–∞–ª—å–Ω–∞—è —Å–µ—Ç—å –ø—Ä–∏–Ω–∞–¥–ª–µ–∂–∏—Ç: 
          </h2>
        </header>
        <nav
          class="nav"
        >
          <div
            class="item"
          >
            <a
              aria-current="page"
              class="activeLink"
              href="/"
            >
              –ì–ª–∞–≤–Ω–∞—è
            </a>
          </div>
          <div
            class="item"
          >
            <a
              href="/profile"
            >
              –ü—Ä–æ—Ñ–∏–ª—å
            </a>
          </div>
          <div
            class="item active"
          >
            <a
              href="/dialogs"
            >
              –°–æ–æ–±—â–µ–Ω–∏—è
            </a>
          </div>
          <div
            class="item active"
          >
            <a
              href="/api"
            >
              API
            </a>
          </div>
        </nav>
        <div
          class="app__content"
        >
          <div
            class="main__wrap"
          >
            <h2>
              –°–∞–º–∞—è –≥–ª–∞–≤–Ω–∞—è —Å—Ç—Ä–∞–Ω–∏—Ü–∞ –≤–æ –≤—Å–µ–ª–µ–Ω–Ω–æ–π
            </h2>
            <img
              alt="title__img"
              class="main__img"
              src="stormtrooper.png"
            />
            <div>
              <form
                class="wrap"
              >
                <input
                  class="inp"
                  placeholder="email"
                  type="email"
                  value=""
                />
                <input
                  class="inp"
                  placeholder="password"
                  type="password"
                  value=""
                />
                <button
                  class="btn"
                  type="submit"
                >
                  Login
                </button>
              </form>
            </div>
          </div>
        </div>
      </div>
      <footer
        class="footer"
      >
        <div>
          –í—Å–µ –ø—Ä–∞–≤–∞ –∑–∞—â–∏—Ç—ãüòÜ
        </div>
        <h4>
          Dubrovskiy
        </h4>
      </footer>
    </div>
  </body>,
  "container": <div>
    <div
      class="app__wrap"
    >
      <header
        class="header"
      >
        <img
          alt="logo"
          class="header__img"
          src="logo.png"
        />
        <h2>
          –°–æ—Ü–∏–∞–ª—å–Ω–∞—è —Å–µ—Ç—å –ø—Ä–∏–Ω–∞–¥–ª–µ–∂–∏—Ç: 
        </h2>
      </header>
      <nav
        class="nav"
      >
        <div
          class="item"
        >
          <a
            aria-current="page"
            class="activeLink"
            href="/"
          >
            –ì–ª–∞–≤–Ω–∞—è
          </a>
        </div>
        <div
          class="item"
        >
          <a
            href="/profile"
          >
            –ü—Ä–æ—Ñ–∏–ª—å
          </a>
        </div>
        <div
          class="item active"
        >
          <a
            href="/dialogs"
          >
            –°–æ–æ–±—â–µ–Ω–∏—è
          </a>
        </div>
        <div
          class="item active"
        >
          <a
            href="/api"
          >
            API
          </a>
        </div>
      </nav>
      <div
        class="app__content"
      >
        <div
          class="main__wrap"
        >
          <h2>
            –°–∞–º–∞—è –≥–ª–∞–≤–Ω–∞—è —Å—Ç—Ä–∞–Ω–∏—Ü–∞ –≤–æ –≤—Å–µ–ª–µ–Ω–Ω–æ–π
          </h2>
          <img
            alt="title__img"
            class="main__img"
            src="stormtrooper.png"
          />
          <div>
            <form
              class="wrap"
            >
              <input
                class="inp"
                placeholder="email"
                type="email"
                value=""
              />
              <input
                class="inp"
                placeholder="password"
                type="password"
                value=""
              />
              <button
                class="btn"
                type="submit"
              >
                Login
              </button>
            </form>
          </div>
        </div>
      </div>
    </div>
    <footer
      class="footer"
    >
      <div>
        –í—Å–µ –ø—Ä–∞–≤–∞ –∑–∞—â–∏—Ç—ãüòÜ
      </div>
      <h4>
        Dubrovskiy
      </h4>
    </footer>
  </div>,
  "debug": [Function],
  "findAllByAltText": [Function],
  "findAllByDisplayValue": [Function],
  "findAllByLabelText": [Function],
  "findAllByPlaceholderText": [Function],
  "findAllByRole": [Function],
  "findAllByTestId": [Function],
  "findAllByText": [Function],
  "findAllByTitle": [Function],
  "findByAltText": [Function],
  "findByDisplayValue": [Function],
  "findByLabelText": [Function],
  "findByPlaceholderText": [Function],
  "findByRole": [Function],
  "findByTestId": [Function],
  "findByText": [Function],
  "findByTitle": [Function],
  "getAllByAltText": [Function],
  "getAllByDisplayValue": [Function],
  "getAllByLabelText": [Function],
  "getAllByPlaceholderText": [Function],
  "getAllByRole": [Function],
  "getAllByTestId": [Function],
  "getAllByText": [Function],
  "getAllByTitle": [Function],
  "getByAltText": [Function],
  "getByDisplayValue": [Function],
  "getByLabelText": [Function],
  "getByPlaceholderText": [Function],
  "getByRole": [Function],
  "getByTestId": [Function],
  "getByText": [Function],
  "getByTitle": [Function],
  "queryAllByAltText": [Function],
  "queryAllByDisplayValue": [Function],
  "queryAllByLabelText": [Function],
  "queryAllByPlaceholderText": [Function],
  "queryAllByRole": [Function],
  "queryAllByTestId": [Function],
  "queryAllByText": [Function],
  "queryAllByTitle": [Function],
  "queryByAltText": [Function],
  "queryByDisplayValue": [Function],
  "queryByLabelText": [Function],
  "queryByPlaceholderText": [Function],
  "queryByRole": [Function],
  "queryByTestId": [Function],
  "queryByText": [Function],
  "queryByTitle": [Function],
  "rerender": [Function],
  "unmount": [Function],
}
`;
